  Determining projects to restore...
  All projects are up-to-date for restore.
  Aneiang.Yarp.Client -> d:\Codes\Peson\Aneiang.Yarp\src\Aneiang.Yarp.Client\bin\Debug\net8.0\Aneiang.Yarp.Client.dll
  Aneiang.Yarp.Client -> d:\Codes\Peson\Aneiang.Yarp\src\Aneiang.Yarp.Client\bin\Debug\net9.0\Aneiang.Yarp.Client.dll
  Aneiang.Yarp -> d:\Codes\Peson\Aneiang.Yarp\src\Aneiang.Yarp\bin\Debug\net8.0\Aneiang.Yarp.dll
  Aneiang.Yarp -> d:\Codes\Peson\Aneiang.Yarp\src\Aneiang.Yarp\bin\Debug\net9.0\Aneiang.Yarp.dll
  SampleLocalService -> d:\Codes\Peson\Aneiang.Yarp\samples\SampleLocalService\bin\Debug\net8.0\SampleLocalService.dll
d:\Codes\Peson\Aneiang.Yarp\src\Aneiang.Yarp.Dashboard\Services\PipelineLogWriter.cs(320,7): warning CS1570: XML comment has badly formed XML -- 'End tag 'summary' does not match the start tag 'T'.' [d:\Codes\Peson\Aneiang.Yarp\src\Aneiang.Yarp.Dashboard\Aneiang.Yarp.Dashboard.csproj::TargetFramework=net8.0]
d:\Codes\Peson\Aneiang.Yarp\src\Aneiang.Yarp.Dashboard\Services\PipelineLogWriter.cs(321,1): warning CS1570: XML comment has badly formed XML -- 'Expected an end tag for element 'summary'.' [d:\Codes\Peson\Aneiang.Yarp\src\Aneiang.Yarp.Dashboard\Aneiang.Yarp.Dashboard.csproj::TargetFramework=net8.0]
d:\Codes\Peson\Aneiang.Yarp\src\Aneiang.Yarp.Dashboard\Models\LogEntry.cs(8,2): warning SYSLIB1034: The member 'Aneiang.Yarp.Dashboard.Models.LogEventType' has been annotated with 'JsonStringEnumConverter' which is not supported in native AOT. Consider using the generic 'JsonStringEnumConverter<TEnum>' instead. (https://learn.microsoft.com/dotnet/fundamentals/syslib-diagnostics/syslib1034) [d:\Codes\Peson\Aneiang.Yarp\src\Aneiang.Yarp.Dashboard\Aneiang.Yarp.Dashboard.csproj::TargetFramework=net8.0]
d:\Codes\Peson\Aneiang.Yarp\src\Aneiang.Yarp.Dashboard\Services\DashboardJsonContext.cs(55,2): warning SYSLIB1030: Did not generate serialization metadata for type 'Aneiang.Yarp.Dashboard.Services.ApiResponse<>'. (https://learn.microsoft.com/dotnet/fundamentals/syslib-diagnostics/syslib1030) [d:\Codes\Peson\Aneiang.Yarp\src\Aneiang.Yarp.Dashboard\Aneiang.Yarp.Dashboard.csproj::TargetFramework=net8.0]
d:\Codes\Peson\Aneiang.Yarp\src\Aneiang.Yarp.Dashboard\Services\PipelineLogWriter.cs(247,28): error CS0227: Unsafe code may only appear if compiling with /unsafe [d:\Codes\Peson\Aneiang.Yarp\src\Aneiang.Yarp.Dashboard\Aneiang.Yarp.Dashboard.csproj::TargetFramework=net8.0]
d:\Codes\Peson\Aneiang.Yarp\src\Aneiang.Yarp.Dashboard\Services\PipelineLogWriter.cs(321,30): error CS0227: Unsafe code may only appear if compiling with /unsafe [d:\Codes\Peson\Aneiang.Yarp\src\Aneiang.Yarp.Dashboard\Aneiang.Yarp.Dashboard.csproj::TargetFramework=net8.0]
d:\Codes\Peson\Aneiang.Yarp\src\Aneiang.Yarp.Dashboard\Services\UnsafeOptimizations.cs(13,28): error CS0227: Unsafe code may only appear if compiling with /unsafe [d:\Codes\Peson\Aneiang.Yarp\src\Aneiang.Yarp.Dashboard\Aneiang.Yarp.Dashboard.csproj::TargetFramework=net8.0]
d:\Codes\Peson\Aneiang.Yarp\src\Aneiang.Yarp.Dashboard\Services\UnsafeOptimizations.cs(267,22): error CS0227: Unsafe code may only appear if compiling with /unsafe [d:\Codes\Peson\Aneiang.Yarp\src\Aneiang.Yarp.Dashboard\Aneiang.Yarp.Dashboard.csproj::TargetFramework=net8.0]
d:\Codes\Peson\Aneiang.Yarp\src\Aneiang.Yarp.Dashboard\Services\JitOptimizedServices.cs(58,6): error CS0227: Unsafe code may only appear if compiling with /unsafe [d:\Codes\Peson\Aneiang.Yarp\src\Aneiang.Yarp.Dashboard\Aneiang.Yarp.Dashboard.csproj::TargetFramework=net8.0]
d:\Codes\Peson\Aneiang.Yarp\src\Aneiang.Yarp.Dashboard\Services\JitOptimizedServices.cs(227,6): error CS0227: Unsafe code may only appear if compiling with /unsafe [d:\Codes\Peson\Aneiang.Yarp\src\Aneiang.Yarp.Dashboard\Aneiang.Yarp.Dashboard.csproj::TargetFramework=net8.0]
d:\Codes\Peson\Aneiang.Yarp\src\Aneiang.Yarp.Dashboard\Services\PipelineLogWriter.cs(40,54): error CS0246: The type or namespace name 'LogEntry' could not be found (are you missing a using directive or an assembly reference?) [d:\Codes\Peson\Aneiang.Yarp\src\Aneiang.Yarp.Dashboard\Aneiang.Yarp.Dashboard.csproj::TargetFramework=net8.0]
d:\Codes\Peson\Aneiang.Yarp\src\Aneiang.Yarp.Dashboard\Services\PipelineLogWriter.cs(126,9): error CS0246: The type or namespace name 'Channel<>' could not be found (are you missing a using directive or an assembly reference?) [d:\Codes\Peson\Aneiang.Yarp\src\Aneiang.Yarp.Dashboard\Aneiang.Yarp.Dashboard.csproj::TargetFramework=net8.0]
d:\Codes\Peson\Aneiang.Yarp\src\Aneiang.Yarp.Dashboard\Services\PipelineLogWriter.cs(126,17): error CS0246: The type or namespace name 'LogEntry' could not be found (are you missing a using directive or an assembly reference?) [d:\Codes\Peson\Aneiang.Yarp\src\Aneiang.Yarp.Dashboard\Aneiang.Yarp.Dashboard.csproj::TargetFramework=net8.0]
d:\Codes\Peson\Aneiang.Yarp\src\Aneiang.Yarp.Dashboard\Services\PipelineLogWriter.cs(182,40): error CS0246: The type or namespace name 'Channel<>' could not be found (are you missing a using directive or an assembly reference?) [d:\Codes\Peson\Aneiang.Yarp\src\Aneiang.Yarp.Dashboard\Aneiang.Yarp.Dashboard.csproj::TargetFramework=net8.0]
d:\Codes\Peson\Aneiang.Yarp\src\Aneiang.Yarp.Dashboard\Services\PipelineLogWriter.cs(182,48): error CS0246: The type or namespace name 'LogEntry' could not be found (are you missing a using directive or an assembly reference?) [d:\Codes\Peson\Aneiang.Yarp\src\Aneiang.Yarp.Dashboard\Aneiang.Yarp.Dashboard.csproj::TargetFramework=net8.0]
d:\Codes\Peson\Aneiang.Yarp\src\Aneiang.Yarp.Dashboard\Services\PipelineLogWriter.cs(320,7): warning CS1570: XML comment has badly formed XML -- 'End tag 'summary' does not match the start tag 'T'.' [d:\Codes\Peson\Aneiang.Yarp\src\Aneiang.Yarp.Dashboard\Aneiang.Yarp.Dashboard.csproj::TargetFramework=net9.0]
d:\Codes\Peson\Aneiang.Yarp\src\Aneiang.Yarp.Dashboard\Services\PipelineLogWriter.cs(321,1): warning CS1570: XML comment has badly formed XML -- 'Expected an end tag for element 'summary'.' [d:\Codes\Peson\Aneiang.Yarp\src\Aneiang.Yarp.Dashboard\Aneiang.Yarp.Dashboard.csproj::TargetFramework=net9.0]
d:\Codes\Peson\Aneiang.Yarp\src\Aneiang.Yarp.Dashboard\Models\LogEntry.cs(8,2): warning SYSLIB1034: The member 'Aneiang.Yarp.Dashboard.Models.LogEventType' has been annotated with 'JsonStringEnumConverter' which is not supported in native AOT. Consider using the generic 'JsonStringEnumConverter<TEnum>' instead. (https://learn.microsoft.com/dotnet/fundamentals/syslib-diagnostics/syslib1034) [d:\Codes\Peson\Aneiang.Yarp\src\Aneiang.Yarp.Dashboard\Aneiang.Yarp.Dashboard.csproj::TargetFramework=net9.0]
d:\Codes\Peson\Aneiang.Yarp\src\Aneiang.Yarp.Dashboard\Services\DashboardJsonContext.cs(55,2): warning SYSLIB1030: Did not generate serialization metadata for type 'Aneiang.Yarp.Dashboard.Services.ApiResponse<>'. (https://learn.microsoft.com/dotnet/fundamentals/syslib-diagnostics/syslib1030) [d:\Codes\Peson\Aneiang.Yarp\src\Aneiang.Yarp.Dashboard\Aneiang.Yarp.Dashboard.csproj::TargetFramework=net9.0]
d:\Codes\Peson\Aneiang.Yarp\src\Aneiang.Yarp.Dashboard\Services\PipelineLogWriter.cs(247,28): error CS0227: Unsafe code may only appear if compiling with /unsafe [d:\Codes\Peson\Aneiang.Yarp\src\Aneiang.Yarp.Dashboard\Aneiang.Yarp.Dashboard.csproj::TargetFramework=net9.0]
d:\Codes\Peson\Aneiang.Yarp\src\Aneiang.Yarp.Dashboard\Services\PipelineLogWriter.cs(321,30): error CS0227: Unsafe code may only appear if compiling with /unsafe [d:\Codes\Peson\Aneiang.Yarp\src\Aneiang.Yarp.Dashboard\Aneiang.Yarp.Dashboard.csproj::TargetFramework=net9.0]
d:\Codes\Peson\Aneiang.Yarp\src\Aneiang.Yarp.Dashboard\Services\UnsafeOptimizations.cs(13,28): error CS0227: Unsafe code may only appear if compiling with /unsafe [d:\Codes\Peson\Aneiang.Yarp\src\Aneiang.Yarp.Dashboard\Aneiang.Yarp.Dashboard.csproj::TargetFramework=net9.0]
d:\Codes\Peson\Aneiang.Yarp\src\Aneiang.Yarp.Dashboard\Services\UnsafeOptimizations.cs(267,22): error CS0227: Unsafe code may only appear if compiling with /unsafe [d:\Codes\Peson\Aneiang.Yarp\src\Aneiang.Yarp.Dashboard\Aneiang.Yarp.Dashboard.csproj::TargetFramework=net9.0]
d:\Codes\Peson\Aneiang.Yarp\src\Aneiang.Yarp.Dashboard\Services\JitOptimizedServices.cs(58,6): error CS0227: Unsafe code may only appear if compiling with /unsafe [d:\Codes\Peson\Aneiang.Yarp\src\Aneiang.Yarp.Dashboard\Aneiang.Yarp.Dashboard.csproj::TargetFramework=net9.0]
d:\Codes\Peson\Aneiang.Yarp\src\Aneiang.Yarp.Dashboard\Services\JitOptimizedServices.cs(227,6): error CS0227: Unsafe code may only appear if compiling with /unsafe [d:\Codes\Peson\Aneiang.Yarp\src\Aneiang.Yarp.Dashboard\Aneiang.Yarp.Dashboard.csproj::TargetFramework=net9.0]
d:\Codes\Peson\Aneiang.Yarp\src\Aneiang.Yarp.Dashboard\Services\PipelineLogWriter.cs(40,54): error CS0246: The type or namespace name 'LogEntry' could not be found (are you missing a using directive or an assembly reference?) [d:\Codes\Peson\Aneiang.Yarp\src\Aneiang.Yarp.Dashboard\Aneiang.Yarp.Dashboard.csproj::TargetFramework=net9.0]
d:\Codes\Peson\Aneiang.Yarp\src\Aneiang.Yarp.Dashboard\Services\PipelineLogWriter.cs(126,9): error CS0246: The type or namespace name 'Channel<>' could not be found (are you missing a using directive or an assembly reference?) [d:\Codes\Peson\Aneiang.Yarp\src\Aneiang.Yarp.Dashboard\Aneiang.Yarp.Dashboard.csproj::TargetFramework=net9.0]
d:\Codes\Peson\Aneiang.Yarp\src\Aneiang.Yarp.Dashboard\Services\PipelineLogWriter.cs(126,17): error CS0246: The type or namespace name 'LogEntry' could not be found (are you missing a using directive or an assembly reference?) [d:\Codes\Peson\Aneiang.Yarp\src\Aneiang.Yarp.Dashboard\Aneiang.Yarp.Dashboard.csproj::TargetFramework=net9.0]
d:\Codes\Peson\Aneiang.Yarp\src\Aneiang.Yarp.Dashboard\Services\PipelineLogWriter.cs(182,40): error CS0246: The type or namespace name 'Channel<>' could not be found (are you missing a using directive or an assembly reference?) [d:\Codes\Peson\Aneiang.Yarp\src\Aneiang.Yarp.Dashboard\Aneiang.Yarp.Dashboard.csproj::TargetFramework=net9.0]
d:\Codes\Peson\Aneiang.Yarp\src\Aneiang.Yarp.Dashboard\Services\PipelineLogWriter.cs(182,48): error CS0246: The type or namespace name 'LogEntry' could not be found (are you missing a using directive or an assembly reference?) [d:\Codes\Peson\Aneiang.Yarp\src\Aneiang.Yarp.Dashboard\Aneiang.Yarp.Dashboard.csproj::TargetFramework=net9.0]

Build FAILED.

d:\Codes\Peson\Aneiang.Yarp\src\Aneiang.Yarp.Dashboard\Services\PipelineLogWriter.cs(320,7): warning CS1570: XML comment has badly formed XML -- 'End tag 'summary' does not match the start tag 'T'.' [d:\Codes\Peson\Aneiang.Yarp\src\Aneiang.Yarp.Dashboard\Aneiang.Yarp.Dashboard.csproj::TargetFramework=net8.0]
d:\Codes\Peson\Aneiang.Yarp\src\Aneiang.Yarp.Dashboard\Services\PipelineLogWriter.cs(321,1): warning CS1570: XML comment has badly formed XML -- 'Expected an end tag for element 'summary'.' [d:\Codes\Peson\Aneiang.Yarp\src\Aneiang.Yarp.Dashboard\Aneiang.Yarp.Dashboard.csproj::TargetFramework=net8.0]
d:\Codes\Peson\Aneiang.Yarp\src\Aneiang.Yarp.Dashboard\Models\LogEntry.cs(8,2): warning SYSLIB1034: The member 'Aneiang.Yarp.Dashboard.Models.LogEventType' has been annotated with 'JsonStringEnumConverter' which is not supported in native AOT. Consider using the generic 'JsonStringEnumConverter<TEnum>' instead. (https://learn.microsoft.com/dotnet/fundamentals/syslib-diagnostics/syslib1034) [d:\Codes\Peson\Aneiang.Yarp\src\Aneiang.Yarp.Dashboard\Aneiang.Yarp.Dashboard.csproj::TargetFramework=net8.0]
d:\Codes\Peson\Aneiang.Yarp\src\Aneiang.Yarp.Dashboard\Services\DashboardJsonContext.cs(55,2): warning SYSLIB1030: Did not generate serialization metadata for type 'Aneiang.Yarp.Dashboard.Services.ApiResponse<>'. (https://learn.microsoft.com/dotnet/fundamentals/syslib-diagnostics/syslib1030) [d:\Codes\Peson\Aneiang.Yarp\src\Aneiang.Yarp.Dashboard\Aneiang.Yarp.Dashboard.csproj::TargetFramework=net8.0]
d:\Codes\Peson\Aneiang.Yarp\src\Aneiang.Yarp.Dashboard\Services\PipelineLogWriter.cs(320,7): warning CS1570: XML comment has badly formed XML -- 'End tag 'summary' does not match the start tag 'T'.' [d:\Codes\Peson\Aneiang.Yarp\src\Aneiang.Yarp.Dashboard\Aneiang.Yarp.Dashboard.csproj::TargetFramework=net9.0]
d:\Codes\Peson\Aneiang.Yarp\src\Aneiang.Yarp.Dashboard\Services\PipelineLogWriter.cs(321,1): warning CS1570: XML comment has badly formed XML -- 'Expected an end tag for element 'summary'.' [d:\Codes\Peson\Aneiang.Yarp\src\Aneiang.Yarp.Dashboard\Aneiang.Yarp.Dashboard.csproj::TargetFramework=net9.0]
d:\Codes\Peson\Aneiang.Yarp\src\Aneiang.Yarp.Dashboard\Models\LogEntry.cs(8,2): warning SYSLIB1034: The member 'Aneiang.Yarp.Dashboard.Models.LogEventType' has been annotated with 'JsonStringEnumConverter' which is not supported in native AOT. Consider using the generic 'JsonStringEnumConverter<TEnum>' instead. (https://learn.microsoft.com/dotnet/fundamentals/syslib-diagnostics/syslib1034) [d:\Codes\Peson\Aneiang.Yarp\src\Aneiang.Yarp.Dashboard\Aneiang.Yarp.Dashboard.csproj::TargetFramework=net9.0]
d:\Codes\Peson\Aneiang.Yarp\src\Aneiang.Yarp.Dashboard\Services\DashboardJsonContext.cs(55,2): warning SYSLIB1030: Did not generate serialization metadata for type 'Aneiang.Yarp.Dashboard.Services.ApiResponse<>'. (https://learn.microsoft.com/dotnet/fundamentals/syslib-diagnostics/syslib1030) [d:\Codes\Peson\Aneiang.Yarp\src\Aneiang.Yarp.Dashboard\Aneiang.Yarp.Dashboard.csproj::TargetFramework=net9.0]
d:\Codes\Peson\Aneiang.Yarp\src\Aneiang.Yarp.Dashboard\Services\PipelineLogWriter.cs(247,28): error CS0227: Unsafe code may only appear if compiling with /unsafe [d:\Codes\Peson\Aneiang.Yarp\src\Aneiang.Yarp.Dashboard\Aneiang.Yarp.Dashboard.csproj::TargetFramework=net8.0]
d:\Codes\Peson\Aneiang.Yarp\src\Aneiang.Yarp.Dashboard\Services\PipelineLogWriter.cs(321,30): error CS0227: Unsafe code may only appear if compiling with /unsafe [d:\Codes\Peson\Aneiang.Yarp\src\Aneiang.Yarp.Dashboard\Aneiang.Yarp.Dashboard.csproj::TargetFramework=net8.0]
d:\Codes\Peson\Aneiang.Yarp\src\Aneiang.Yarp.Dashboard\Services\UnsafeOptimizations.cs(13,28): error CS0227: Unsafe code may only appear if compiling with /unsafe [d:\Codes\Peson\Aneiang.Yarp\src\Aneiang.Yarp.Dashboard\Aneiang.Yarp.Dashboard.csproj::TargetFramework=net8.0]
d:\Codes\Peson\Aneiang.Yarp\src\Aneiang.Yarp.Dashboard\Services\UnsafeOptimizations.cs(267,22): error CS0227: Unsafe code may only appear if compiling with /unsafe [d:\Codes\Peson\Aneiang.Yarp\src\Aneiang.Yarp.Dashboard\Aneiang.Yarp.Dashboard.csproj::TargetFramework=net8.0]
d:\Codes\Peson\Aneiang.Yarp\src\Aneiang.Yarp.Dashboard\Services\JitOptimizedServices.cs(58,6): error CS0227: Unsafe code may only appear if compiling with /unsafe [d:\Codes\Peson\Aneiang.Yarp\src\Aneiang.Yarp.Dashboard\Aneiang.Yarp.Dashboard.csproj::TargetFramework=net8.0]
d:\Codes\Peson\Aneiang.Yarp\src\Aneiang.Yarp.Dashboard\Services\JitOptimizedServices.cs(227,6): error CS0227: Unsafe code may only appear if compiling with /unsafe [d:\Codes\Peson\Aneiang.Yarp\src\Aneiang.Yarp.Dashboard\Aneiang.Yarp.Dashboard.csproj::TargetFramework=net8.0]
d:\Codes\Peson\Aneiang.Yarp\src\Aneiang.Yarp.Dashboard\Services\PipelineLogWriter.cs(40,54): error CS0246: The type or namespace name 'LogEntry' could not be found (are you missing a using directive or an assembly reference?) [d:\Codes\Peson\Aneiang.Yarp\src\Aneiang.Yarp.Dashboard\Aneiang.Yarp.Dashboard.csproj::TargetFramework=net8.0]
d:\Codes\Peson\Aneiang.Yarp\src\Aneiang.Yarp.Dashboard\Services\PipelineLogWriter.cs(126,9): error CS0246: The type or namespace name 'Channel<>' could not be found (are you missing a using directive or an assembly reference?) [d:\Codes\Peson\Aneiang.Yarp\src\Aneiang.Yarp.Dashboard\Aneiang.Yarp.Dashboard.csproj::TargetFramework=net8.0]
d:\Codes\Peson\Aneiang.Yarp\src\Aneiang.Yarp.Dashboard\Services\PipelineLogWriter.cs(126,17): error CS0246: The type or namespace name 'LogEntry' could not be found (are you missing a using directive or an assembly reference?) [d:\Codes\Peson\Aneiang.Yarp\src\Aneiang.Yarp.Dashboard\Aneiang.Yarp.Dashboard.csproj::TargetFramework=net8.0]
d:\Codes\Peson\Aneiang.Yarp\src\Aneiang.Yarp.Dashboard\Services\PipelineLogWriter.cs(182,40): error CS0246: The type or namespace name 'Channel<>' could not be found (are you missing a using directive or an assembly reference?) [d:\Codes\Peson\Aneiang.Yarp\src\Aneiang.Yarp.Dashboard\Aneiang.Yarp.Dashboard.csproj::TargetFramework=net8.0]
d:\Codes\Peson\Aneiang.Yarp\src\Aneiang.Yarp.Dashboard\Services\PipelineLogWriter.cs(182,48): error CS0246: The type or namespace name 'LogEntry' could not be found (are you missing a using directive or an assembly reference?) [d:\Codes\Peson\Aneiang.Yarp\src\Aneiang.Yarp.Dashboard\Aneiang.Yarp.Dashboard.csproj::TargetFramework=net8.0]
d:\Codes\Peson\Aneiang.Yarp\src\Aneiang.Yarp.Dashboard\Services\PipelineLogWriter.cs(247,28): error CS0227: Unsafe code may only appear if compiling with /unsafe [d:\Codes\Peson\Aneiang.Yarp\src\Aneiang.Yarp.Dashboard\Aneiang.Yarp.Dashboard.csproj::TargetFramework=net9.0]
d:\Codes\Peson\Aneiang.Yarp\src\Aneiang.Yarp.Dashboard\Services\PipelineLogWriter.cs(321,30): error CS0227: Unsafe code may only appear if compiling with /unsafe [d:\Codes\Peson\Aneiang.Yarp\src\Aneiang.Yarp.Dashboard\Aneiang.Yarp.Dashboard.csproj::TargetFramework=net9.0]
d:\Codes\Peson\Aneiang.Yarp\src\Aneiang.Yarp.Dashboard\Services\UnsafeOptimizations.cs(13,28): error CS0227: Unsafe code may only appear if compiling with /unsafe [d:\Codes\Peson\Aneiang.Yarp\src\Aneiang.Yarp.Dashboard\Aneiang.Yarp.Dashboard.csproj::TargetFramework=net9.0]
d:\Codes\Peson\Aneiang.Yarp\src\Aneiang.Yarp.Dashboard\Services\UnsafeOptimizations.cs(267,22): error CS0227: Unsafe code may only appear if compiling with /unsafe [d:\Codes\Peson\Aneiang.Yarp\src\Aneiang.Yarp.Dashboard\Aneiang.Yarp.Dashboard.csproj::TargetFramework=net9.0]
d:\Codes\Peson\Aneiang.Yarp\src\Aneiang.Yarp.Dashboard\Services\JitOptimizedServices.cs(58,6): error CS0227: Unsafe code may only appear if compiling with /unsafe [d:\Codes\Peson\Aneiang.Yarp\src\Aneiang.Yarp.Dashboard\Aneiang.Yarp.Dashboard.csproj::TargetFramework=net9.0]
d:\Codes\Peson\Aneiang.Yarp\src\Aneiang.Yarp.Dashboard\Services\JitOptimizedServices.cs(227,6): error CS0227: Unsafe code may only appear if compiling with /unsafe [d:\Codes\Peson\Aneiang.Yarp\src\Aneiang.Yarp.Dashboard\Aneiang.Yarp.Dashboard.csproj::TargetFramework=net9.0]
d:\Codes\Peson\Aneiang.Yarp\src\Aneiang.Yarp.Dashboard\Services\PipelineLogWriter.cs(40,54): error CS0246: The type or namespace name 'LogEntry' could not be found (are you missing a using directive or an assembly reference?) [d:\Codes\Peson\Aneiang.Yarp\src\Aneiang.Yarp.Dashboard\Aneiang.Yarp.Dashboard.csproj::TargetFramework=net9.0]
d:\Codes\Peson\Aneiang.Yarp\src\Aneiang.Yarp.Dashboard\Services\PipelineLogWriter.cs(126,9): error CS0246: The type or namespace name 'Channel<>' could not be found (are you missing a using directive or an assembly reference?) [d:\Codes\Peson\Aneiang.Yarp\src\Aneiang.Yarp.Dashboard\Aneiang.Yarp.Dashboard.csproj::TargetFramework=net9.0]
d:\Codes\Peson\Aneiang.Yarp\src\Aneiang.Yarp.Dashboard\Services\PipelineLogWriter.cs(126,17): error CS0246: The type or namespace name 'LogEntry' could not be found (are you missing a using directive or an assembly reference?) [d:\Codes\Peson\Aneiang.Yarp\src\Aneiang.Yarp.Dashboard\Aneiang.Yarp.Dashboard.csproj::TargetFramework=net9.0]
d:\Codes\Peson\Aneiang.Yarp\src\Aneiang.Yarp.Dashboard\Services\PipelineLogWriter.cs(182,40): error CS0246: The type or namespace name 'Channel<>' could not be found (are you missing a using directive or an assembly reference?) [d:\Codes\Peson\Aneiang.Yarp\src\Aneiang.Yarp.Dashboard\Aneiang.Yarp.Dashboard.csproj::TargetFramework=net9.0]
d:\Codes\Peson\Aneiang.Yarp\src\Aneiang.Yarp.Dashboard\Services\PipelineLogWriter.cs(182,48): error CS0246: The type or namespace name 'LogEntry' could not be found (are you missing a using directive or an assembly reference?) [d:\Codes\Peson\Aneiang.Yarp\src\Aneiang.Yarp.Dashboard\Aneiang.Yarp.Dashboard.csproj::TargetFramework=net9.0]
    8 Warning(s)
    22 Error(s)

Time Elapsed 00:00:13.03
