  正在确定要还原的项目…
  已还原 D:\Codes\2026\aneiang-yarp\samples\SampleLocalService\SampleLocalService.csproj (用时 343 毫秒)。
  已还原 D:\Codes\2026\aneiang-yarp\src\Aneiang.Yarp.Dashboard\Aneiang.Yarp.Dashboard.csproj (用时 343 毫秒)。
  已还原 d:\Codes\2026\aneiang-yarp\src\Aneiang.Yarp.Grpc\Aneiang.Yarp.Grpc.csproj (用时 343 毫秒)。
  已还原 D:\Codes\2026\aneiang-yarp\samples\SampleGateway\SampleGateway.csproj (用时 343 毫秒)。
  已还原 D:\Codes\2026\aneiang-yarp\src\Aneiang.Yarp\Aneiang.Yarp.csproj (用时 343 毫秒)。
  已还原 D:\Codes\2026\aneiang-yarp\src\Aneiang.Yarp.Client\Aneiang.Yarp.Client.csproj (用时 343 毫秒)。
  Aneiang.Yarp.Grpc -> D:\Codes\2026\aneiang-yarp\src\Aneiang.Yarp.Grpc\bin\Debug\net9.0\Aneiang.Yarp.Grpc.dll
  Aneiang.Yarp.Grpc -> D:\Codes\2026\aneiang-yarp\src\Aneiang.Yarp.Grpc\bin\Debug\net8.0\Aneiang.Yarp.Grpc.dll
  Aneiang.Yarp.Client -> D:\Codes\2026\aneiang-yarp\src\Aneiang.Yarp.Client\bin\Debug\net8.0\Aneiang.Yarp.Client.dll
  Aneiang.Yarp.Client -> D:\Codes\2026\aneiang-yarp\src\Aneiang.Yarp.Client\bin\Debug\net9.0\Aneiang.Yarp.Client.dll
  Aneiang.Yarp -> D:\Codes\2026\aneiang-yarp\src\Aneiang.Yarp\bin\Debug\net8.0\Aneiang.Yarp.dll
  Aneiang.Yarp -> D:\Codes\2026\aneiang-yarp\src\Aneiang.Yarp\bin\Debug\net9.0\Aneiang.Yarp.dll
  SampleLocalService -> D:\Codes\2026\aneiang-yarp\samples\SampleLocalService\bin\Debug\net8.0\SampleLocalService.dll
  Aneiang.Yarp.Dashboard -> D:\Codes\2026\aneiang-yarp\src\Aneiang.Yarp.Dashboard\bin\Debug\net9.0\Aneiang.Yarp.Dashboard.dll
D:\Codes\2026\aneiang-yarp\src\Aneiang.Yarp.Dashboard\Modules\ProxyLog\Models\LogEntry.cs(8,2): warning SYSLIB1034: 成员“Aneiang.Yarp.Dashboard.Modules.ProxyLog.Models.LogEventType”已使用本机 AOT 中不支持的 "JsonStringEnumConverter" 进行批注。请改为考虑使用泛型 "JsonStringEnumConverter<TEnum>"。 (https://learn.microsoft.com/dotnet/fundamentals/syslib-diagnostics/syslib1034) [D:\Codes\2026\aneiang-yarp\src\Aneiang.Yarp.Dashboard\Aneiang.Yarp.Dashboard.csproj::TargetFramework=net8.0]
D:\Codes\2026\aneiang-yarp\src\Aneiang.Yarp.Dashboard\Infrastructure\Yarp\YarpRequestCaptureMiddleware.cs(165,88): warning CS8604: “Task YarpRequestCaptureMiddleware.RestoreResponseStreamAsync(MemoryStream responseBodyStream, Stream originalResponseBody, IHttpResponseBodyFeature originalBodyFeature, HttpContext context)”中的形参“originalBodyFeature”可能传入 null 引用实参。 [D:\Codes\2026\aneiang-yarp\src\Aneiang.Yarp.Dashboard\Aneiang.Yarp.Dashboard.csproj::TargetFramework=net8.0]
D:\Codes\2026\aneiang-yarp\src\Aneiang.Yarp.Dashboard\Infrastructure\Yarp\YarpRequestCaptureMiddleware.cs(178,84): warning CS8604: “Task YarpRequestCaptureMiddleware.RestoreResponseStreamAsync(MemoryStream responseBodyStream, Stream originalResponseBody, IHttpResponseBodyFeature originalBodyFeature, HttpContext context)”中的形参“originalBodyFeature”可能传入 null 引用实参。 [D:\Codes\2026\aneiang-yarp\src\Aneiang.Yarp.Dashboard\Aneiang.Yarp.Dashboard.csproj::TargetFramework=net8.0]
D:\Codes\2026\aneiang-yarp\src\Aneiang.Yarp.Dashboard\Modules\GatewayConfig\Services\ConfigSnapshotService.cs(34,23): warning CS8602: 解引用可能出现空引用。 [D:\Codes\2026\aneiang-yarp\src\Aneiang.Yarp.Dashboard\Aneiang.Yarp.Dashboard.csproj::TargetFramework=net8.0]
D:\Codes\2026\aneiang-yarp\src\Aneiang.Yarp.Dashboard\Modules\GatewayConfig\Services\ConfigSnapshotService.cs(124,23): warning CS8602: 解引用可能出现空引用。 [D:\Codes\2026\aneiang-yarp\src\Aneiang.Yarp.Dashboard\Aneiang.Yarp.Dashboard.csproj::TargetFramework=net8.0]
D:\Codes\2026\aneiang-yarp\src\Aneiang.Yarp.Dashboard\Infrastructure\DashboardRouteConvention.cs(32,32): warning CS8602: 解引用可能出现空引用。 [D:\Codes\2026\aneiang-yarp\src\Aneiang.Yarp.Dashboard\Aneiang.Yarp.Dashboard.csproj::TargetFramework=net8.0]
D:\Codes\2026\aneiang-yarp\src\Aneiang.Yarp.Dashboard\Infrastructure\Performance\JitOptimizedServices.cs(413,6): warning CA2255: “ModuleInitializer” 属性仅用于应用程序代码或高级源生成器方案 (https://learn.microsoft.com/dotnet/fundamentals/code-analysis/quality-rules/ca2255) [D:\Codes\2026\aneiang-yarp\src\Aneiang.Yarp.Dashboard\Aneiang.Yarp.Dashboard.csproj::TargetFramework=net8.0]
  Aneiang.Yarp.Dashboard -> D:\Codes\2026\aneiang-yarp\src\Aneiang.Yarp.Dashboard\bin\Debug\net8.0\Aneiang.Yarp.Dashboard.dll
  SampleGateway -> D:\Codes\2026\aneiang-yarp\samples\SampleGateway\bin\Debug\net8.0\SampleGateway.dll

已成功生成。

D:\Codes\2026\aneiang-yarp\src\Aneiang.Yarp.Dashboard\Modules\ProxyLog\Models\LogEntry.cs(8,2): warning SYSLIB1034: 成员“Aneiang.Yarp.Dashboard.Modules.ProxyLog.Models.LogEventType”已使用本机 AOT 中不支持的 "JsonStringEnumConverter" 进行批注。请改为考虑使用泛型 "JsonStringEnumConverter<TEnum>"。 (https://learn.microsoft.com/dotnet/fundamentals/syslib-diagnostics/syslib1034) [D:\Codes\2026\aneiang-yarp\src\Aneiang.Yarp.Dashboard\Aneiang.Yarp.Dashboard.csproj::TargetFramework=net8.0]
D:\Codes\2026\aneiang-yarp\src\Aneiang.Yarp.Dashboard\Infrastructure\Yarp\YarpRequestCaptureMiddleware.cs(165,88): warning CS8604: “Task YarpRequestCaptureMiddleware.RestoreResponseStreamAsync(MemoryStream responseBodyStream, Stream originalResponseBody, IHttpResponseBodyFeature originalBodyFeature, HttpContext context)”中的形参“originalBodyFeature”可能传入 null 引用实参。 [D:\Codes\2026\aneiang-yarp\src\Aneiang.Yarp.Dashboard\Aneiang.Yarp.Dashboard.csproj::TargetFramework=net8.0]
D:\Codes\2026\aneiang-yarp\src\Aneiang.Yarp.Dashboard\Infrastructure\Yarp\YarpRequestCaptureMiddleware.cs(178,84): warning CS8604: “Task YarpRequestCaptureMiddleware.RestoreResponseStreamAsync(MemoryStream responseBodyStream, Stream originalResponseBody, IHttpResponseBodyFeature originalBodyFeature, HttpContext context)”中的形参“originalBodyFeature”可能传入 null 引用实参。 [D:\Codes\2026\aneiang-yarp\src\Aneiang.Yarp.Dashboard\Aneiang.Yarp.Dashboard.csproj::TargetFramework=net8.0]
D:\Codes\2026\aneiang-yarp\src\Aneiang.Yarp.Dashboard\Modules\GatewayConfig\Services\ConfigSnapshotService.cs(34,23): warning CS8602: 解引用可能出现空引用。 [D:\Codes\2026\aneiang-yarp\src\Aneiang.Yarp.Dashboard\Aneiang.Yarp.Dashboard.csproj::TargetFramework=net8.0]
D:\Codes\2026\aneiang-yarp\src\Aneiang.Yarp.Dashboard\Modules\GatewayConfig\Services\ConfigSnapshotService.cs(124,23): warning CS8602: 解引用可能出现空引用。 [D:\Codes\2026\aneiang-yarp\src\Aneiang.Yarp.Dashboard\Aneiang.Yarp.Dashboard.csproj::TargetFramework=net8.0]
D:\Codes\2026\aneiang-yarp\src\Aneiang.Yarp.Dashboard\Infrastructure\DashboardRouteConvention.cs(32,32): warning CS8602: 解引用可能出现空引用。 [D:\Codes\2026\aneiang-yarp\src\Aneiang.Yarp.Dashboard\Aneiang.Yarp.Dashboard.csproj::TargetFramework=net8.0]
D:\Codes\2026\aneiang-yarp\src\Aneiang.Yarp.Dashboard\Infrastructure\Performance\JitOptimizedServices.cs(413,6): warning CA2255: “ModuleInitializer” 属性仅用于应用程序代码或高级源生成器方案 (https://learn.microsoft.com/dotnet/fundamentals/code-analysis/quality-rules/ca2255) [D:\Codes\2026\aneiang-yarp\src\Aneiang.Yarp.Dashboard\Aneiang.Yarp.Dashboard.csproj::TargetFramework=net8.0]
    7 个警告
    0 个错误

已用时间 00:00:07.84
